{"level":"info","message":"[Stage 2 Analyzer] Running for chain: ethereum (ID: 1)","timestamp":"2026-08-23T21:44:17.252Z"}
{"level":"info","message":"Starting Stage 2 Behavioral Analyzer (continuous mode)","timestamp":"2026-08-23T21:44:17.255Z"}
{"level":"info","message":"Polling interval: 18000s | Chain: ethereum | Lookback: 7200 blocks","timestamp":"2026-08-23T21:44:17.255Z"}
{"level":"info","message":"Fetching qualified pairs and running Stage 1 + Stage 2 heuristics...","timestamp":"2026-08-23T21:44:17.256Z"}
{"level":"info","message":"Threshold block for 40-day window: 25507859 (max block: 25795859)","timestamp":"2026-08-23T21:44:21.077Z"}
{"level":"info","message":"Page 1: Fetched 300 raw rows → 100 unique pairs. Running analysis...","timestamp":"2026-08-23T21:44:23.888Z"}
{"level":"info","message":"[Analyzer] Processing 1/100: 0xf72f8d4168fe89fabcf9e03e04f9b9e8a1b325bd","timestamp":"2026-08-23T21:44:23.888Z"}
{"level":"info","message":"[Analyzer] Processing 2/100: 0xced0b3e3531b9b71a80715d6e5e80d49f443502b","timestamp":"2026-08-23T21:44:23.895Z"}
{"level":"info","message":"[Analyzer] Processing 3/100: 0xc727f194e85a4e1d22cc94c5417eeea27bdcae5a","timestamp":"2026-08-23T21:44:23.899Z"}
{"level":"info","message":"[Analyzer] Processing 4/100: 0x99aa7e68d8b392a8e847f36067e6e207741efb5a","timestamp":"2026-08-23T21:44:23.902Z"}
{"level":"info","message":"[Analyzer] Processing 5/100: 0x929813675e7f450ec1d4a3241ed0bb534d360b41","timestamp":"2026-08-23T21:44:23.908Z"}
{"level":"info","message":"[Analyzer] Processing 6/100: 0x6be718c23e2483b0fc011278acfa59703125dc64","timestamp":"2026-08-23T21:44:23.909Z"}
{"level":"info","message":"[Analyzer] Processing 7/100: 0x655924b69801b161d4c03cc8313934785ee24f0b","timestamp":"2026-08-23T21:44:23.914Z"}
{"level":"info","message":"[Analyzer] Processing 8/100: 0x47d8fd33d70f4845cab56584903be878fae9c58c","timestamp":"2026-08-23T21:44:23.916Z"}
{"level":"info","message":"[Analyzer] Processing 9/100: 0x431adbd9ac6a585a2b8a0ba49fc5ec49c2eda6b2","timestamp":"2026-08-23T21:44:23.917Z"}
{"level":"info","message":"[Analyzer] Processing 10/100: 0x3b0fa4dfcc90e5f64677831a72ae7f09f6e6136e","timestamp":"2026-08-23T21:44:23.918Z"}
{"level":"info","message":"[Analyzer] Processing 11/100: 0x37305b1cd40574e4c5ce33f8e8306be057fd7341","timestamp":"2026-08-23T21:44:23.919Z"}
{"level":"info","message":"[Analyzer] Processing 12/100: 0x25ff5e2704f13d65965a8b95e7e9bfdf8cca168e","timestamp":"2026-08-23T21:44:23.920Z"}
{"level":"info","message":"[Analyzer] Processing 13/100: 0x0fa8e7d4434dc1313efea948f2059146c51c96a8","timestamp":"2026-08-23T21:44:23.922Z"}
{"level":"info","message":"[Analyzer] Processing 14/100: 0xe0eae619a6acc72c1ceb87dd2eb68d7f837318d3","timestamp":"2026-08-23T21:44:23.923Z"}
{"level":"info","message":"[Analyzer] Processing 15/100: 0xb2fa64e8a1f8d5c2813097ec2105373376144f35","timestamp":"2026-08-23T21:44:23.924Z"}
{"level":"info","message":"[Analyzer] Processing 16/100: 0x86f3ed3338331c5a79573b99db4b17ce2b08f059","timestamp":"2026-08-23T21:44:23.924Z"}
{"level":"info","message":"[Analyzer] Processing 17/100: 0x7fef3572f9eb257ef9a60dcf5acc1814bb56517b","timestamp":"2026-08-23T21:44:23.925Z"}
{"level":"info","message":"[Analyzer] Processing 18/100: 0x37305b1cd40574e4c5ce33f8e8306be057fd7341","timestamp":"2026-08-23T21:44:23.926Z"}
{"level":"info","message":"[Analyzer] Processing 19/100: 0x2b98d52d1e048a5c8837f8588c633657afea2a6c","timestamp":"2026-08-23T21:44:23.927Z"}
{"level":"info","message":"[Analyzer] Processing 20/100: 0x15f34c66a166d8fe8a476a16ee2e252baac22b7a","timestamp":"2026-08-23T21:44:23.928Z"}
{"level":"info","message":"[Analyzer] Processing 21/100: 0x0aad05afd75124a88dff7409471400aa6e8f460b","timestamp":"2026-08-23T21:44:23.929Z"}
{"level":"info","message":"[Analyzer] Processing 22/100: 0xed5c0fea2da1f35904ea0341b76d449456fda614","timestamp":"2026-08-23T21:44:23.930Z"}
{"level":"info","message":"[Analyzer] Processing 23/100: 0xb7fe440900dd738003dc9e5b699dc866348e78df","timestamp":"2026-08-23T21:44:23.931Z"}
{"level":"info","message":"[Analyzer] Processing 24/100: 0xb086ddabe8f0967f9dcd363d58a74b68582dcf25","timestamp":"2026-08-23T21:44:23.932Z"}
{"level":"info","message":"[Analyzer] Processing 25/100: 0x985aa547cd9960433f4c25532c32d0859f8c57b0","timestamp":"2026-08-23T21:44:23.933Z"}
{"level":"info","message":"[Analyzer] Processing 26/100: 0x927da0662c222cdb9cc23a66e5f0d26ffc8a958c","timestamp":"2026-08-23T21:44:23.934Z"}
{"level":"info","message":"[Analyzer] Processing 27/100: 0x7fdfaa398cbf458aff30d0524bb19d420533c58d","timestamp":"2026-08-23T21:44:23.935Z"}
{"level":"info","message":"[Analyzer] Processing 28/100: 0x5fb67711e585077eb73d08a62e60fe15ebb16663","timestamp":"2026-08-23T21:44:23.936Z"}
{"level":"info","message":"[Analyzer] Processing 29/100: 0x54146f63261231bddac5b9c0289be416c235189e","timestamp":"2026-08-23T21:44:23.936Z"}
{"level":"info","message":"[Analyzer] Processing 30/100: 0x52cab33c60e0b8eafa6887279f844c9f93011488","timestamp":"2026-08-23T21:44:23.937Z"}
{"level":"info","message":"[Analyzer] Processing 31/100: 0x5272371f29162ed825811b4ff2ec37d8701a35e7","timestamp":"2026-08-23T21:44:23.938Z"}
{"level":"info","message":"[Analyzer] Processing 32/100: 0x3fad9cd9c93a6ea8247917ce2d10c6a25706d6e3","timestamp":"2026-08-23T21:44:23.939Z"}
{"level":"info","message":"[Analyzer] Processing 33/100: 0x37305b1cd40574e4c5ce33f8e8306be057fd7341","timestamp":"2026-08-23T21:44:23.940Z"}
{"level":"info","message":"[Analyzer] Processing 34/100: 0x37305b1cd40574e4c5ce33f8e8306be057fd7341","timestamp":"2026-08-23T21:44:23.940Z"}
{"level":"info","message":"[Analyzer] Processing 35/100: 0x3592c21cc1c5c16537be9450c776ae699f95526b","timestamp":"2026-08-23T21:44:23.940Z"}
{"level":"info","message":"[Analyzer] Processing 36/100: 0x1626844e8c75ca82484360ebcc0d6f66fd2453b3","timestamp":"2026-08-23T21:44:23.941Z"}
{"level":"info","message":"[Analyzer] Processing 37/100: 0x0f11bc9ebae4e8cad005addf0c6552dcaf6f78e8","timestamp":"2026-08-23T21:44:23.946Z"}
{"level":"info","message":"[Analyzer] Processing 38/100: 0x038a59d4b006d57813783e8bab49968553280af3","timestamp":"2026-08-23T21:44:23.946Z"}
{"level":"info","message":"[Analyzer] Processing 39/100: 0xeb2e01a8e0b47162a6ff753fdcd0a041873a125e","timestamp":"2026-08-23T21:44:23.947Z"}
{"level":"info","message":"[Analyzer] Processing 40/100: 0xdeee81d930d7187f89e0e15c05e2d01d16c56aff","timestamp":"2026-08-23T21:44:23.948Z"}
{"level":"info","message":"[Analyzer] Processing 41/100: 0xcea8fc5c49666913baac148c44d4b7d470a48f1b","timestamp":"2026-08-23T21:44:23.950Z"}
{"level":"info","message":"[Analyzer] Processing 42/100: 0xa3fcde17beb9ff4905d3f3304dd14d848b2a4c6f","timestamp":"2026-08-23T21:44:23.951Z"}
{"level":"info","message":"[Analyzer] Processing 43/100: 0x9ca37caf820522c7989cb4b14f126033483fc0ec","timestamp":"2026-08-23T21:44:23.953Z"}
{"level":"info","message":"[Analyzer] Processing 44/100: 0x89a709a75cb29ac8020620f488ba96f78bbfdb4e","timestamp":"2026-08-23T21:44:23.955Z"}
{"level":"info","message":"[Analyzer] Processing 45/100: 0x8314129b87fe4992d11a1ae98b535a0153956209","timestamp":"2026-08-23T21:44:23.955Z"}
{"level":"info","message":"[Analyzer] Processing 46/100: 0x7df3a227e75cf0e649b6ad588debff792e9bc26a","timestamp":"2026-08-23T21:44:23.956Z"}
{"level":"info","message":"[Analyzer] Processing 47/100: 0x13711fd499dcef773ec6851f5053dc149ea5640b","timestamp":"2026-08-23T21:44:23.957Z"}
{"level":"info","message":"[Analyzer] Processing 48/100: 0x02b747c5e7e3fed8da56336dfede46fc5c5eb01d","timestamp":"2026-08-23T21:44:23.957Z"}
{"level":"info","message":"[Analyzer] Processing 49/100: 0xdcf8b72bf7246a412863330ed0f52a0f681961c6","timestamp":"2026-08-23T21:44:23.958Z"}
{"level":"info","message":"[Analyzer] Processing 50/100: 0xd9fc2c9866a99138de7c36331d595d44c89d45c1","timestamp":"2026-08-23T21:44:23.958Z"}
{"level":"info","message":"[Analyzer] Processing 51/100: 0xd2d689d7cc947d53d399c97cc773ab271652005c","timestamp":"2026-08-23T21:44:23.959Z"}
{"level":"info","message":"[Analyzer] Processing 52/100: 0xcedd348305cc8e4b15ec3d1c2e8917032452d333","timestamp":"2026-08-23T21:44:23.960Z"}
{"level":"info","message":"[Analyzer] Processing 53/100: 0xcd5ceaa9dc50b92920f1cc4cfd7c785f870a9b13","timestamp":"2026-08-23T21:44:23.961Z"}
{"level":"info","message":"[Analyzer] Processing 54/100: 0xc544afe2d39bf8168a66ebb5eee97d337169349d","timestamp":"2026-08-23T21:44:23.962Z"}
{"level":"info","message":"[Analyzer] Processing 55/100: 0xbf5573d8b1aa1636c714afe6dcdd3b9783f58ef8","timestamp":"2026-08-23T21:44:23.963Z"}
{"level":"info","message":"[Analyzer] Processing 56/100: 0x977152ab6a1bcfb6c8d74b2e3320c0625d7f794c","timestamp":"2026-08-23T21:44:23.963Z"}
{"level":"info","message":"[Analyzer] Processing 57/100: 0x971ca6c5956d219cc64d7eec1c883e4c685f68ba","timestamp":"2026-08-23T21:44:23.964Z"}
{"level":"info","message":"[Analyzer] Processing 58/100: 0x96945fa480e7a42735a07a0417c53cd8ca11f05b","timestamp":"2026-08-23T21:44:23.964Z"}
{"level":"info","message":"[Analyzer] Processing 59/100: 0x70510a098267aae31388821f8c1d90d575317bb8","timestamp":"2026-08-23T21:44:23.968Z"}
{"level":"info","message":"[Analyzer] Processing 60/100: 0x624a384756810271acabb805b260bee9dc705ce5","timestamp":"2026-08-23T21:44:23.969Z"}
{"level":"info","message":"[Analyzer] Processing 61/100: 0x58f632528364b776fd3b4d737822591a95750ee2","timestamp":"2026-08-23T21:44:23.970Z"}
{"level":"info","message":"[Analyzer] Processing 62/100: 0x3d78a0049fa0d1dab59466a56c0736e9d5109f78","timestamp":"2026-08-23T21:44:23.971Z"}
{"level":"info","message":"[Analyzer] Processing 63/100: 0x2250a1bcac0de535447c5056bf52b0a9a2f758ec","timestamp":"2026-08-23T21:44:23.971Z"}
{"level":"info","message":"[Analyzer] Processing 64/100: 0x1b2e7aba4561690a4b3edf1631fde669b6002ad7","timestamp":"2026-08-23T21:44:23.972Z"}
{"level":"info","message":"[Analyzer] Processing 65/100: 0x1977d4500e3ff0c1a22eb840a4268f834b5da993","timestamp":"2026-08-23T21:44:23.973Z"}
{"level":"info","message":"[Analyzer] Processing 66/100: 0x10a2056da2d8a232832b43a4039ef0794faf4f84","timestamp":"2026-08-23T21:44:23.973Z"}
{"level":"info","message":"[Analyzer] Processing 67/100: 0x016e5cba504f0a7e1d60834f75284ebac7dea756","timestamp":"2026-08-23T21:44:23.974Z"}
{"level":"info","message":"[Analyzer] Processing 68/100: 0xef29a6852d2d0342353711a7c54230207e493a9d","timestamp":"2026-08-23T21:44:23.975Z"}
{"level":"info","message":"[Analyzer] Processing 69/100: 0x877d5bebaed63bf2a622478a4d09239b3c7b7ec6","timestamp":"2026-08-23T21:44:23.976Z"}
{"level":"info","message":"[Analyzer] Processing 70/100: 0x7c3f3d670bfefd723cacdce2959542f100a40dab","timestamp":"2026-08-23T21:44:23.976Z"}
{"level":"info","message":"[Analyzer] Processing 71/100: 0x6a878e696deb84d51f9c7f0c59f91f1df87faf1a","timestamp":"2026-08-23T21:44:23.977Z"}
{"level":"info","message":"[Analyzer] Processing 72/100: 0x39a85f1609233485da492963b69b8ee21b9f3a3f","timestamp":"2026-08-23T21:44:23.977Z"}
{"level":"info","message":"[Analyzer] Processing 73/100: 0x27d447ecdd32694ca9880084689e346f0f970e42","timestamp":"2026-08-23T21:44:23.978Z"}
{"level":"info","message":"[Analyzer] Processing 74/100: 0xf6d0482f9b2ccb562eff8dca21a1086e6288e703","timestamp":"2026-08-23T21:44:23.979Z"}
{"level":"info","message":"[Analyzer] Processing 75/100: 0xe9438220d8a18f27e1a2a0c2454bed3e25707647","timestamp":"2026-08-23T21:44:23.980Z"}
{"level":"info","message":"[Analyzer] Processing 76/100: 0xe3195053f15aae88bb69c7ece0f4922e3e5a7b27","timestamp":"2026-08-23T21:44:23.980Z"}
{"level":"info","message":"[Analyzer] Processing 77/100: 0x8fb845b9466d3c392c22769404003663d7ca36ee","timestamp":"2026-08-23T21:44:23.981Z"}
{"level":"info","message":"[Analyzer] Processing 78/100: 0x8034a668bfb06ff941554ab0be7f09d906c0b2c5","timestamp":"2026-08-23T21:44:23.982Z"}
{"level":"info","message":"[Analyzer] Processing 79/100: 0x78e3b791d826f195df36404e97e1dd9dc3a4d791","timestamp":"2026-08-23T21:44:23.984Z"}
{"level":"info","message":"[Analyzer] Processing 80/100: 0x6a23613132ba7ef894b68d0ba5eaef7b2555d831","timestamp":"2026-08-23T21:44:23.984Z"}
{"level":"info","message":"[Analyzer] Processing 81/100: 0x4762b949c1341572ea4f68fc1157c917774504d5","timestamp":"2026-08-23T21:44:23.985Z"}
{"level":"info","message":"[Analyzer] Processing 82/100: 0x33a68aa0583e50ab6bc3fda3491db450c417bf88","timestamp":"2026-08-23T21:44:23.986Z"}
{"level":"info","message":"[Analyzer] Processing 83/100: 0x2cb7f09884c31c36c50b5c0023898b65e5ecbc8b","timestamp":"2026-08-23T21:44:23.987Z"}
{"level":"info","message":"[Analyzer] Processing 84/100: 0xfb4692f5a92f7a874dc7c623856ff0771963828d","timestamp":"2026-08-23T21:44:23.988Z"}
{"level":"info","message":"[Analyzer] Processing 85/100: 0xe2ee471677181398eb311d4ff0ec573f7ceaf4de","timestamp":"2026-08-23T21:44:23.989Z"}
{"level":"info","message":"[Analyzer] Processing 86/100: 0xb41d9b97c6222da47754b489f039d6794044b45d","timestamp":"2026-08-23T21:44:23.990Z"}
{"level":"info","message":"[Analyzer] Processing 87/100: 0x83034c3fce44219dc9f0eb87d9400d9a0d9f2afa","timestamp":"2026-08-23T21:44:23.990Z"}
{"level":"info","message":"[Analyzer] Processing 88/100: 0x5e5710e48ed859f49da2698815a0da770ef3c809","timestamp":"2026-08-23T21:44:23.992Z"}
{"level":"info","message":"[Analyzer] Processing 89/100: 0x47d8fd33d70f4845cab56584903be878fae9c58c","timestamp":"2026-08-23T21:44:23.993Z"}
{"level":"info","message":"[Analyzer] Processing 90/100: 0x386218744a2053d949a1cafae0b7b49a35e03f53","timestamp":"2026-08-23T21:44:23.993Z"}
{"level":"info","message":"[Analyzer] Processing 91/100: 0x2b98d52d1e048a5c8837f8588c633657afea2a6c","timestamp":"2026-08-23T21:44:23.994Z"}
{"level":"info","message":"[Analyzer] Processing 92/100: 0x2112f8091064781e19b364a165c27d843346a352","timestamp":"2026-08-23T21:44:23.994Z"}
{"level":"info","message":"[Analyzer] Processing 93/100: 0x0ae4a85181036a7a0fa8c6c7554b45adc7c51bed","timestamp":"2026-08-23T21:44:23.995Z"}
{"level":"info","message":"[Analyzer] Processing 94/100: 0xf44abaaffd171c43028881861fd1aafc6e4eb0c7","timestamp":"2026-08-23T21:44:23.996Z"}
{"level":"info","message":"[Analyzer] Processing 95/100: 0xdef835b34c8d2f093098781a39ea78283770f52b","timestamp":"2026-08-23T21:44:23.996Z"}
{"level":"info","message":"[Analyzer] Processing 96/100: 0xcf4b0a55dd83c810b06bd7f5c901b65aa8567514","timestamp":"2026-08-23T21:44:23.998Z"}
{"level":"info","message":"[Analyzer] Processing 97/100: 0xc90fb16319e9c2580322404acdb9ceafc5128608","timestamp":"2026-08-23T21:44:24.000Z"}
{"level":"info","message":"[Analyzer] Processing 98/100: 0x918109e072f3bbe138106d0504ccdaf7dc52350b","timestamp":"2026-08-23T21:44:24.001Z"}
{"level":"info","message":"[Analyzer] Processing 99/100: 0x70510a098267aae31388821f8c1d90d575317bb8","timestamp":"2026-08-23T21:44:24.001Z"}
{"level":"info","message":"[Analyzer] Processing 100/100: 0x2696324aafa8ddd3f12b60efed058efb5ccfc7f3","timestamp":"2026-08-23T21:44:24.002Z"}
{"level":"warn","message":"[Analyzer] Failed to analyze 0x52cab33c60e0b8eafa6887279f844c9f93011488: Analysis timeout","timestamp":"2026-08-23T21:45:53.938Z"}
{"level":"warn","message":"[BulkUpsertTargets_page_1] Attempt 1 failed: TypeError: fetch failed","timestamp":"2026-08-23T21:46:04.044Z"}
{"level":"warn","message":"[BulkUpsertTargets_page_1] Attempt 2 failed: TypeError: fetch failed","timestamp":"2026-08-23T21:46:15.545Z"}
{"level":"error","message":"[Stage 2] Fatal error: TypeError: fetch failed","timestamp":"2026-08-23T21:46:28.042Z"}
{"level":"info","message":"Received SIGINT. Shutting down gracefully...","timestamp":"2026-08-23T21:47:29.172Z"}
{"level":"info","message":"[Stage 2 Analyzer] Running for chain: ethereum (ID: 1)","timestamp":"2026-08-23T21:47:31.029Z"}
{"level":"info","message":"Starting Stage 2 Behavioral Analyzer (continuous mode)","timestamp":"2026-08-23T21:47:31.033Z"}
{"level":"info","message":"Polling interval: 18000s | Chain: ethereum | Lookback: 7200 blocks","timestamp":"2026-08-23T21:47:31.033Z"}
{"level":"info","message":"Fetching qualified pairs and running Stage 1 + Stage 2 heuristics...","timestamp":"2026-08-23T21:47:31.034Z"}
{"level":"info","message":"Threshold block for 40-day window: 25507860 (max block: 25795860)","timestamp":"2026-08-23T21:47:32.797Z"}
{"level":"info","message":"Page 1: Fetched 300 raw rows → 100 unique pairs. Running analysis...","timestamp":"2026-08-23T21:47:34.065Z"}
{"level":"info","message":"[Analyzer] Processing 1/100: 0xfa05e81bf2af00df0e44d42204d552c20411dd85","timestamp":"2026-08-23T21:47:34.066Z"}
{"level":"info","message":"[Analyzer] Processing 2/100: 0xee1bdaaf125264a2b05307b78a3c89fa7a0e3885","timestamp":"2026-08-23T21:47:34.074Z"}
{"level":"info","message":"[Analyzer] Processing 3/100: 0xed43c7c0323f15aaa1367a428ba696676a80afeb","timestamp":"2026-08-23T21:47:34.077Z"}
{"level":"info","message":"[Analyzer] Processing 4/100: 0xbdac89f3d04d5312d7f21a5450d1323da95a9882","timestamp":"2026-08-23T21:47:34.079Z"}
{"level":"info","message":"[Analyzer] Processing 5/100: 0x9c5b421974367f32d747bf98ab1a869a19d094bc","timestamp":"2026-08-23T21:47:34.080Z"}
{"level":"info","message":"[Analyzer] Processing 6/100: 0x6d1bd89775bb0851b98e763af44d3bbb1a957415","timestamp":"2026-08-23T21:47:34.081Z"}
{"level":"info","message":"[Analyzer] Processing 7/100: 0x541997cdfe728ae8cfa7f84ab4b673f8ed1b8d07","timestamp":"2026-08-23T21:47:34.082Z"}
{"level":"info","message":"[Analyzer] Processing 8/100: 0x460f8b5a8e888dc6992c0fdd69f17a3ade280e81","timestamp":"2026-08-23T21:47:34.083Z"}
{"level":"info","message":"[Analyzer] Processing 9/100: 0x41f92d89ad62329c02aa4f28deff37da6ef4c142","timestamp":"2026-08-23T21:47:34.084Z"}
{"level":"info","message":"[Analyzer] Processing 10/100: 0x303daf8804afbe6457f71a6a5736087b69ef0a63","timestamp":"2026-08-23T21:47:34.085Z"}
{"level":"info","message":"[Analyzer] Processing 11/100: 0x1bb7dce303907fe875a7aea1b2c2fe88645979f6","timestamp":"2026-08-23T21:47:34.086Z"}
{"level":"info","message":"[Analyzer] Processing 12/100: 0x08e390f45f1a8cc8b4f82dd8bd1126a531e8f7fa","timestamp":"2026-08-23T21:47:34.087Z"}
{"level":"info","message":"[Analyzer] Processing 13/100: 0x058c5552005b4ed3385962768c01bbde0d9d6440","timestamp":"2026-08-23T21:47:34.087Z"}
{"level":"info","message":"[Analyzer] Processing 14/100: 0xf72f8d4168fe89fabcf9e03e04f9b9e8a1b325bd","timestamp":"2026-08-23T21:47:34.088Z"}
{"level":"info","message":"[Analyzer] Processing 15/100: 0xced0b3e3531b9b71a80715d6e5e80d49f443502b","timestamp":"2026-08-23T21:47:34.089Z"}
{"level":"info","message":"[Analyzer] Processing 16/100: 0xc727f194e85a4e1d22cc94c5417eeea27bdcae5a","timestamp":"2026-08-23T21:47:34.090Z"}
{"level":"info","message":"[Analyzer] Processing 17/100: 0x99aa7e68d8b392a8e847f36067e6e207741efb5a","timestamp":"2026-08-23T21:47:34.090Z"}
{"level":"info","message":"[Analyzer] Processing 18/100: 0x929813675e7f450ec1d4a3241ed0bb534d360b41","timestamp":"2026-08-23T21:47:34.091Z"}
{"level":"info","message":"[Analyzer] Processing 19/100: 0x6be718c23e2483b0fc011278acfa59703125dc64","timestamp":"2026-08-23T21:47:34.091Z"}
{"level":"info","message":"[Analyzer] Processing 20/100: 0x655924b69801b161d4c03cc8313934785ee24f0b","timestamp":"2026-08-23T21:47:34.092Z"}
{"level":"info","message":"[Analyzer] Processing 21/100: 0x47d8fd33d70f4845cab56584903be878fae9c58c","timestamp":"2026-08-23T21:47:34.092Z"}
{"level":"info","message":"[Analyzer] Processing 22/100: 0x431adbd9ac6a585a2b8a0ba49fc5ec49c2eda6b2","timestamp":"2026-08-23T21:47:34.093Z"}
{"level":"info","message":"[Analyzer] Processing 23/100: 0x3b0fa4dfcc90e5f64677831a72ae7f09f6e6136e","timestamp":"2026-08-23T21:47:34.093Z"}
{"level":"info","message":"[Analyzer] Processing 24/100: 0x37305b1cd40574e4c5ce33f8e8306be057fd7341","timestamp":"2026-08-23T21:47:34.094Z"}
{"level":"info","message":"[Analyzer] Processing 25/100: 0x25ff5e2704f13d65965a8b95e7e9bfdf8cca168e","timestamp":"2026-08-23T21:47:34.094Z"}
{"level":"info","message":"[Analyzer] Processing 26/100: 0x0fa8e7d4434dc1313efea948f2059146c51c96a8","timestamp":"2026-08-23T21:47:34.095Z"}
{"level":"info","message":"[Analyzer] Processing 27/100: 0xe0eae619a6acc72c1ceb87dd2eb68d7f837318d3","timestamp":"2026-08-23T21:47:34.095Z"}
{"level":"info","message":"[Analyzer] Processing 28/100: 0xb2fa64e8a1f8d5c2813097ec2105373376144f35","timestamp":"2026-08-23T21:47:34.095Z"}
{"level":"info","message":"[Analyzer] Processing 29/100: 0x86f3ed3338331c5a79573b99db4b17ce2b08f059","timestamp":"2026-08-23T21:47:34.096Z"}
{"level":"info","message":"[Analyzer] Processing 30/100: 0x7fef3572f9eb257ef9a60dcf5acc1814bb56517b","timestamp":"2026-08-23T21:47:34.096Z"}
{"level":"info","message":"[Analyzer] Processing 31/100: 0x37305b1cd40574e4c5ce33f8e8306be057fd7341","timestamp":"2026-08-23T21:47:34.097Z"}
{"level":"info","message":"[Analyzer] Processing 32/100: 0x2b98d52d1e048a5c8837f8588c633657afea2a6c","timestamp":"2026-08-23T21:47:34.097Z"}
{"level":"info","message":"[Analyzer] Processing 33/100: 0x15f34c66a166d8fe8a476a16ee2e252baac22b7a","timestamp":"2026-08-23T21:47:34.098Z"}
{"level":"info","message":"[Analyzer] Processing 34/100: 0x0aad05afd75124a88dff7409471400aa6e8f460b","timestamp":"2026-08-23T21:47:34.098Z"}
{"level":"info","message":"[Analyzer] Processing 35/100: 0xed5c0fea2da1f35904ea0341b76d449456fda614","timestamp":"2026-08-23T21:47:34.099Z"}
{"level":"info","message":"[Analyzer] Processing 36/100: 0xb7fe440900dd738003dc9e5b699dc866348e78df","timestamp":"2026-08-23T21:47:34.099Z"}
{"level":"info","message":"[Analyzer] Processing 37/100: 0xb086ddabe8f0967f9dcd363d58a74b68582dcf25","timestamp":"2026-08-23T21:47:34.099Z"}
{"level":"info","message":"[Analyzer] Processing 38/100: 0x985aa547cd9960433f4c25532c32d0859f8c57b0","timestamp":"2026-08-23T21:47:34.100Z"}
{"level":"info","message":"[Analyzer] Processing 39/100: 0x927da0662c222cdb9cc23a66e5f0d26ffc8a958c","timestamp":"2026-08-23T21:47:34.100Z"}
{"level":"info","message":"[Analyzer] Processing 40/100: 0x7fdfaa398cbf458aff30d0524bb19d420533c58d","timestamp":"2026-08-23T21:47:34.101Z"}
{"level":"info","message":"[Analyzer] Processing 41/100: 0x5fb67711e585077eb73d08a62e60fe15ebb16663","timestamp":"2026-08-23T21:47:34.102Z"}
{"level":"info","message":"[Analyzer] Processing 42/100: 0x54146f63261231bddac5b9c0289be416c235189e","timestamp":"2026-08-23T21:47:34.102Z"}
{"level":"info","message":"[Analyzer] Processing 43/100: 0x52cab33c60e0b8eafa6887279f844c9f93011488","timestamp":"2026-08-23T21:47:34.103Z"}
{"level":"info","message":"[Analyzer] Processing 44/100: 0x5272371f29162ed825811b4ff2ec37d8701a35e7","timestamp":"2026-08-23T21:47:34.104Z"}
{"level":"info","message":"[Analyzer] Processing 45/100: 0x3fad9cd9c93a6ea8247917ce2d10c6a25706d6e3","timestamp":"2026-08-23T21:47:34.104Z"}
{"level":"info","message":"[Analyzer] Processing 46/100: 0x37305b1cd40574e4c5ce33f8e8306be057fd7341","timestamp":"2026-08-23T21:47:34.104Z"}
{"level":"info","message":"[Analyzer] Processing 47/100: 0x37305b1cd40574e4c5ce33f8e8306be057fd7341","timestamp":"2026-08-23T21:47:34.105Z"}
{"level":"info","message":"[Analyzer] Processing 48/100: 0x3592c21cc1c5c16537be9450c776ae699f95526b","timestamp":"2026-08-23T21:47:34.105Z"}
{"level":"info","message":"[Analyzer] Processing 49/100: 0x1626844e8c75ca82484360ebcc0d6f66fd2453b3","timestamp":"2026-08-23T21:47:34.105Z"}
{"level":"info","message":"[Analyzer] Processing 50/100: 0x0f11bc9ebae4e8cad005addf0c6552dcaf6f78e8","timestamp":"2026-08-23T21:47:34.106Z"}
{"level":"info","message":"[Analyzer] Processing 51/100: 0x038a59d4b006d57813783e8bab49968553280af3","timestamp":"2026-08-23T21:47:34.106Z"}
{"level":"info","message":"[Analyzer] Processing 52/100: 0xeb2e01a8e0b47162a6ff753fdcd0a041873a125e","timestamp":"2026-08-23T21:47:34.106Z"}
{"level":"info","message":"[Analyzer] Processing 53/100: 0xdeee81d930d7187f89e0e15c05e2d01d16c56aff","timestamp":"2026-08-23T21:47:34.107Z"}
{"level":"info","message":"[Analyzer] Processing 54/100: 0xcea8fc5c49666913baac148c44d4b7d470a48f1b","timestamp":"2026-08-23T21:47:34.107Z"}
{"level":"info","message":"[Analyzer] Processing 55/100: 0xa3fcde17beb9ff4905d3f3304dd14d848b2a4c6f","timestamp":"2026-08-23T21:47:34.108Z"}
{"level":"info","message":"[Analyzer] Processing 56/100: 0x9ca37caf820522c7989cb4b14f126033483fc0ec","timestamp":"2026-08-23T21:47:34.108Z"}
{"level":"info","message":"[Analyzer] Processing 57/100: 0x89a709a75cb29ac8020620f488ba96f78bbfdb4e","timestamp":"2026-08-23T21:47:34.109Z"}
{"level":"info","message":"[Analyzer] Processing 58/100: 0x8314129b87fe4992d11a1ae98b535a0153956209","timestamp":"2026-08-23T21:47:34.109Z"}
{"level":"info","message":"[Analyzer] Processing 59/100: 0x7df3a227e75cf0e649b6ad588debff792e9bc26a","timestamp":"2026-08-23T21:47:34.109Z"}
{"level":"info","message":"[Analyzer] Processing 60/100: 0x13711fd499dcef773ec6851f5053dc149ea5640b","timestamp":"2026-08-23T21:47:34.110Z"}
{"level":"info","message":"[Analyzer] Processing 61/100: 0x02b747c5e7e3fed8da56336dfede46fc5c5eb01d","timestamp":"2026-08-23T21:47:34.110Z"}
{"level":"info","message":"[Analyzer] Processing 62/100: 0xdcf8b72bf7246a412863330ed0f52a0f681961c6","timestamp":"2026-08-23T21:47:34.111Z"}
{"level":"info","message":"[Analyzer] Processing 63/100: 0xd9fc2c9866a99138de7c36331d595d44c89d45c1","timestamp":"2026-08-23T21:47:34.115Z"}
{"level":"info","message":"[Analyzer] Processing 64/100: 0xd2d689d7cc947d53d399c97cc773ab271652005c","timestamp":"2026-08-23T21:47:34.115Z"}
{"level":"info","message":"[Analyzer] Processing 65/100: 0xcedd348305cc8e4b15ec3d1c2e8917032452d333","timestamp":"2026-08-23T21:47:34.116Z"}
{"level":"info","message":"[Analyzer] Processing 66/100: 0xcd5ceaa9dc50b92920f1cc4cfd7c785f870a9b13","timestamp":"2026-08-23T21:47:34.116Z"}
{"level":"info","message":"[Analyzer] Processing 67/100: 0xc544afe2d39bf8168a66ebb5eee97d337169349d","timestamp":"2026-08-23T21:47:34.116Z"}
{"level":"info","message":"[Analyzer] Processing 68/100: 0xbf5573d8b1aa1636c714afe6dcdd3b9783f58ef8","timestamp":"2026-08-23T21:47:34.117Z"}
{"level":"info","message":"[Analyzer] Processing 69/100: 0x977152ab6a1bcfb6c8d74b2e3320c0625d7f794c","timestamp":"2026-08-23T21:47:34.117Z"}
{"level":"info","message":"[Analyzer] Processing 70/100: 0x971ca6c5956d219cc64d7eec1c883e4c685f68ba","timestamp":"2026-08-23T21:47:34.118Z"}
{"level":"info","message":"[Analyzer] Processing 71/100: 0x96945fa480e7a42735a07a0417c53cd8ca11f05b","timestamp":"2026-08-23T21:47:34.118Z"}
{"level":"info","message":"[Analyzer] Processing 72/100: 0x70510a098267aae31388821f8c1d90d575317bb8","timestamp":"2026-08-23T21:47:34.118Z"}
{"level":"info","message":"[Analyzer] Processing 73/100: 0x624a384756810271acabb805b260bee9dc705ce5","timestamp":"2026-08-23T21:47:34.119Z"}
{"level":"info","message":"[Analyzer] Processing 74/100: 0x58f632528364b776fd3b4d737822591a95750ee2","timestamp":"2026-08-23T21:47:34.119Z"}
{"level":"info","message":"[Analyzer] Processing 75/100: 0x3d78a0049fa0d1dab59466a56c0736e9d5109f78","timestamp":"2026-08-23T21:47:34.119Z"}
{"level":"info","message":"[Analyzer] Processing 76/100: 0x2250a1bcac0de535447c5056bf52b0a9a2f758ec","timestamp":"2026-08-23T21:47:34.120Z"}
{"level":"info","message":"[Analyzer] Processing 77/100: 0x1b2e7aba4561690a4b3edf1631fde669b6002ad7","timestamp":"2026-08-23T21:47:34.120Z"}
{"level":"info","message":"[Analyzer] Processing 78/100: 0x1977d4500e3ff0c1a22eb840a4268f834b5da993","timestamp":"2026-08-23T21:47:34.121Z"}
{"level":"info","message":"[Analyzer] Processing 79/100: 0x10a2056da2d8a232832b43a4039ef0794faf4f84","timestamp":"2026-08-23T21:47:34.121Z"}
{"level":"info","message":"[Analyzer] Processing 80/100: 0x016e5cba504f0a7e1d60834f75284ebac7dea756","timestamp":"2026-08-23T21:47:34.121Z"}
{"level":"info","message":"[Analyzer] Processing 81/100: 0xef29a6852d2d0342353711a7c54230207e493a9d","timestamp":"2026-08-23T21:47:34.122Z"}
{"level":"info","message":"[Analyzer] Processing 82/100: 0x877d5bebaed63bf2a622478a4d09239b3c7b7ec6","timestamp":"2026-08-23T21:47:34.122Z"}
{"level":"info","message":"[Analyzer] Processing 83/100: 0x7c3f3d670bfefd723cacdce2959542f100a40dab","timestamp":"2026-08-23T21:47:34.123Z"}
{"level":"info","message":"[Analyzer] Processing 84/100: 0x6a878e696deb84d51f9c7f0c59f91f1df87faf1a","timestamp":"2026-08-23T21:47:34.123Z"}
{"level":"info","message":"[Analyzer] Processing 85/100: 0x39a85f1609233485da492963b69b8ee21b9f3a3f","timestamp":"2026-08-23T21:47:34.123Z"}
{"level":"info","message":"[Analyzer] Processing 86/100: 0x27d447ecdd32694ca9880084689e346f0f970e42","timestamp":"2026-08-23T21:47:34.124Z"}
{"level":"info","message":"[Analyzer] Processing 87/100: 0xf6d0482f9b2ccb562eff8dca21a1086e6288e703","timestamp":"2026-08-23T21:47:34.125Z"}
{"level":"info","message":"[Analyzer] Processing 88/100: 0xe9438220d8a18f27e1a2a0c2454bed3e25707647","timestamp":"2026-08-23T21:47:34.125Z"}
{"level":"info","message":"[Analyzer] Processing 89/100: 0xe3195053f15aae88bb69c7ece0f4922e3e5a7b27","timestamp":"2026-08-23T21:47:34.126Z"}
{"level":"info","message":"[Analyzer] Processing 90/100: 0x8fb845b9466d3c392c22769404003663d7ca36ee","timestamp":"2026-08-23T21:47:34.126Z"}
{"level":"info","message":"[Analyzer] Processing 91/100: 0x8034a668bfb06ff941554ab0be7f09d906c0b2c5","timestamp":"2026-08-23T21:47:34.127Z"}
{"level":"info","message":"[Analyzer] Processing 92/100: 0x78e3b791d826f195df36404e97e1dd9dc3a4d791","timestamp":"2026-08-23T21:47:34.127Z"}
{"level":"info","message":"[Analyzer] Processing 93/100: 0x6a23613132ba7ef894b68d0ba5eaef7b2555d831","timestamp":"2026-08-23T21:47:34.128Z"}
{"level":"info","message":"[Analyzer] Processing 94/100: 0x4762b949c1341572ea4f68fc1157c917774504d5","timestamp":"2026-08-23T21:47:34.128Z"}
{"level":"info","message":"[Analyzer] Processing 95/100: 0x33a68aa0583e50ab6bc3fda3491db450c417bf88","timestamp":"2026-08-23T21:47:34.128Z"}
{"level":"info","message":"[Analyzer] Processing 96/100: 0x2cb7f09884c31c36c50b5c0023898b65e5ecbc8b","timestamp":"2026-08-23T21:47:34.129Z"}
{"level":"info","message":"[Analyzer] Processing 97/100: 0xfb4692f5a92f7a874dc7c623856ff0771963828d","timestamp":"2026-08-23T21:47:34.129Z"}
{"level":"info","message":"[Analyzer] Processing 98/100: 0xe2ee471677181398eb311d4ff0ec573f7ceaf4de","timestamp":"2026-08-23T21:47:34.129Z"}
{"level":"info","message":"[Analyzer] Processing 99/100: 0xb41d9b97c6222da47754b489f039d6794044b45d","timestamp":"2026-08-23T21:47:34.130Z"}
{"level":"info","message":"[Analyzer] Processing 100/100: 0x83034c3fce44219dc9f0eb87d9400d9a0d9f2afa","timestamp":"2026-08-23T21:47:34.130Z"}
{"level":"info","message":"Received SIGINT. Shutting down gracefully...","timestamp":"2026-08-23T21:47:43.998Z"}
